// Jest Snapshot v1, https://goo.gl/fbAQLP

exports[`Snapshot DayTask 1`] = `
<div
  className="sc-bwzfXH dXshDT"
>
  <h3
    className="sc-bdVaJa hoqfrS"
  />
</div>
`;
